// Jest Snapshot v1, https://goo.gl/fbAQLP

exports[`Testing component ErrorView Snapshot 1`] = `
<div>
  <div
    aria-label="error"
    class="bg-red-800 text-white rounded py-2"
  >
    <p>
      <p>
        Error Testing
      </p>
    </p>
  </div>
</div>
`;
